00:00 +0: loading /home/cb/AntiGravity/projekt_2/arora/test/library_screen_test.dart
00:00 +0: LibraryScreen open playlist bottom sheet
══╡ EXCEPTION CAUGHT BY WIDGETS LIBRARY ╞═══════════════════════════════════════════════════════════
The following _TypeError was thrown building LibraryScreen(dirty, dependencies:
[InheritedCupertinoTheme, _InheritedTheme, _LocalizationsScope-[GlobalKey#68814],
_UncontrolledProviderScope], state: _ConsumerState#4ec27):
Null check operator used on a null value

The relevant error-causing widget was:
  LibraryScreen
  LibraryScreen:file:///home/cb/AntiGravity/projekt_2/arora/test/library_screen_test.dart:26:23

When the exception was thrown, this was the stack:
#0      LibraryScreen.build (package:arora/features/library/screens/library_screen.dart:23:44)
#1      _ConsumerState.build (package:flutter_riverpod/src/core/consumer.dart:283:48)
#2      StatefulElement.build (package:flutter/src/widgets/framework.dart:5931:27)
#3      ConsumerStatefulElement.build (package:flutter_riverpod/src/core/consumer.dart:445:20)
#4      ComponentElement.performRebuild (package:flutter/src/widgets/framework.dart:5817:15)
#5      StatefulElement.performRebuild (package:flutter/src/widgets/framework.dart:5982:11)
#6      Element.rebuild (package:flutter/src/widgets/framework.dart:5529:7)
#7      ComponentElement._firstBuild (package:flutter/src/widgets/framework.dart:5799:5)
#8      StatefulElement._firstBuild (package:flutter/src/widgets/framework.dart:5973:11)
#9      ComponentElement.mount (package:flutter/src/widgets/framework.dart:5793:5)
...     Normal element mounting (260 frames)
#269    Element.inflateWidget (package:flutter/src/widgets/framework.dart:4587:20)
#270    MultiChildRenderObjectElement.inflateWidget (package:flutter/src/widgets/framework.dart:7264:36)
#271    MultiChildRenderObjectElement.mount (package:flutter/src/widgets/framework.dart:7279:32)
...     Normal element mounting (489 frames)
#760    Element.inflateWidget (package:flutter/src/widgets/framework.dart:4587:20)
#761    Element.updateChild (package:flutter/src/widgets/framework.dart:4053:20)
#762    ComponentElement.performRebuild (package:flutter/src/widgets/framework.dart:5841:16)
#763    Element.rebuild (package:flutter/src/widgets/framework.dart:5529:7)
#764    ProxyElement.update (package:flutter/src/widgets/framework.dart:6149:5)
#765    _InheritedNotifierElement.update (package:flutter/src/widgets/inherited_notifier.dart:108:11)
#766    Element.updateChild (package:flutter/src/widgets/framework.dart:4037:15)
#767    ComponentElement.performRebuild (package:flutter/src/widgets/framework.dart:5841:16)
#768    StatefulElement.performRebuild (package:flutter/src/widgets/framework.dart:5982:11)
#769    Element.rebuild (package:flutter/src/widgets/framework.dart:5529:7)
#770    StatefulElement.update (package:flutter/src/widgets/framework.dart:6007:5)
#771    Element.updateChild (package:flutter/src/widgets/framework.dart:4037:15)
#772    ComponentElement.performRebuild (package:flutter/src/widgets/framework.dart:5841:16)
#773    Element.rebuild (package:flutter/src/widgets/framework.dart:5529:7)
#774    ProxyElement.update (package:flutter/src/widgets/framework.dart:6149:5)
#775    _InheritedNotifierElement.update (package:flutter/src/widgets/inherited_notifier.dart:108:11)
#776    Element.updateChild (package:flutter/src/widgets/framework.dart:4037:15)
#777    ComponentElement.performRebuild (package:flutter/src/widgets/framework.dart:5841:16)
#778    StatefulElement.performRebuild (package:flutter/src/widgets/framework.dart:5982:11)
#779    Element.rebuild (package:flutter/src/widgets/framework.dart:5529:7)
#780    StatefulElement.update (package:flutter/src/widgets/framework.dart:6007:5)
#781    Element.updateChild (package:flutter/src/widgets/framework.dart:4037:15)
#782    ComponentElement.performRebuild (package:flutter/src/widgets/framework.dart:5841:16)
#783    StatefulElement.performRebuild (package:flutter/src/widgets/framework.dart:5982:11)
#784    Element.rebuild (package:flutter/src/widgets/framework.dart:5529:7)
#785    StatefulElement.update (package:flutter/src/widgets/framework.dart:6007:5)
#786    Element.updateChild (package:flutter/src/widgets/framework.dart:4037:15)
#787    ComponentElement.performRebuild (package:flutter/src/widgets/framework.dart:5841:16)
#788    Element.rebuild (package:flutter/src/widgets/framework.dart:5529:7)
#789    ProxyElement.update (package:flutter/src/widgets/framework.dart:6149:5)
#790    Element.updateChild (package:flutter/src/widgets/framework.dart:4037:15)
#791    ComponentElement.performRebuild (package:flutter/src/widgets/framework.dart:5841:16)
#792    StatefulElement.performRebuild (package:flutter/src/widgets/framework.dart:5982:11)
#793    Element.rebuild (package:flutter/src/widgets/framework.dart:5529:7)
#794    StatefulElement.update (package:flutter/src/widgets/framework.dart:6007:5)
#795    Element.updateChild (package:flutter/src/widgets/framework.dart:4037:15)
#796    ComponentElement.performRebuild (package:flutter/src/widgets/framework.dart:5841:16)
#797    Element.rebuild (package:flutter/src/widgets/framework.dart:5529:7)
#798    ProxyElement.update (package:flutter/src/widgets/framework.dart:6149:5)
#799    Element.updateChild (package:flutter/src/widgets/framework.dart:4037:15)
#800    ComponentElement.performRebuild (package:flutter/src/widgets/framework.dart:5841:16)
#801    Element.rebuild (package:flutter/src/widgets/framework.dart:5529:7)
#802    ProxyElement.update (package:flutter/src/widgets/framework.dart:6149:5)
#803    Element.updateChild (package:flutter/src/widgets/framework.dart:4037:15)
#804    _RawViewElement._updateChild (package:flutter/src/widgets/view.dart:481:16)
#805    _RawViewElement.update (package:flutter/src/widgets/view.dart:568:5)
#806    Element.updateChild (package:flutter/src/widgets/framework.dart:4037:15)
#807    ComponentElement.performRebuild (package:flutter/src/widgets/framework.dart:5841:16)
#808    Element.rebuild (package:flutter/src/widgets/framework.dart:5529:7)
#809    StatelessElement.update (package:flutter/src/widgets/framework.dart:5895:5)
#810    Element.updateChild (package:flutter/src/widgets/framework.dart:4037:15)
#811    ComponentElement.performRebuild (package:flutter/src/widgets/framework.dart:5841:16)
#812    StatefulElement.performRebuild (package:flutter/src/widgets/framework.dart:5982:11)
#813    Element.rebuild (package:flutter/src/widgets/framework.dart:5529:7)
#814    StatefulElement.update (package:flutter/src/widgets/framework.dart:6007:5)
#815    Element.updateChild (package:flutter/src/widgets/framework.dart:4037:15)
#816    RootElement._rebuild (package:flutter/src/widgets/binding.dart:1822:16)
#817    RootElement.update (package:flutter/src/widgets/binding.dart:1800:5)
#818    RootElement.performRebuild (package:flutter/src/widgets/binding.dart:1814:7)
#819    Element.rebuild (package:flutter/src/widgets/framework.dart:5529:7)
#820    BuildScope._tryRebuild (package:flutter/src/widgets/framework.dart:2750:15)
#821    BuildScope._flushDirtyElements (package:flutter/src/widgets/framework.dart:2807:11)
#822    BuildOwner.buildScope (package:flutter/src/widgets/framework.dart:3111:18)
#823    AutomatedTestWidgetsFlutterBinding.drawFrame (package:flutter_test/src/binding.dart:2131:19)
#824    RendererBinding._handlePersistentFrameCallback (package:flutter/src/rendering/binding.dart:495:5)
#825    SchedulerBinding._invokeFrameCallback (package:flutter/src/scheduler/binding.dart:1430:15)
#826    SchedulerBinding.handleDrawFrame (package:flutter/src/scheduler/binding.dart:1345:9)
#827    AutomatedTestWidgetsFlutterBinding.pump.<anonymous closure> (package:flutter_test/src/binding.dart:1960:9)
#830    TestAsyncUtils.guard (package:flutter_test/src/test_async_utils.dart:74:41)
#831    AutomatedTestWidgetsFlutterBinding.pump (package:flutter_test/src/binding.dart:1949:27)
#832    WidgetTester.pumpWidget.<anonymous closure> (package:flutter_test/src/widget_tester.dart:598:22)
#835    TestAsyncUtils.guard (package:flutter_test/src/test_async_utils.dart:74:41)
#836    WidgetTester.pumpWidget (package:flutter_test/src/widget_tester.dart:595:27)
#837    main.<anonymous closure> (file:///home/cb/AntiGravity/projekt_2/arora/test/library_screen_test.dart:20:18)
#838    testWidgets.<anonymous closure>.<anonymous closure> (package:flutter_test/src/widget_tester.dart:192:29)
<asynchronous suspension>
#839    TestWidgetsFlutterBinding._runTestBody (package:flutter_test/src/binding.dart:1682:5)
<asynchronous suspension>
<asynchronous suspension>
(elided 5 frames from dart:async and package:stack_trace)

════════════════════════════════════════════════════════════════════════════════════════════════════
══╡ EXCEPTION CAUGHT BY WIDGETS LIBRARY ╞═══════════════════════════════════════════════════════════
The following _TypeError was thrown building LibraryScreen(dirty, dependencies:
[InheritedCupertinoTheme, _InheritedTheme, _LocalizationsScope-[GlobalKey#68814],
_UncontrolledProviderScope], state: _ConsumerState#4ec27):
Null check operator used on a null value

The relevant error-causing widget was:
  LibraryScreen
  LibraryScreen:file:///home/cb/AntiGravity/projekt_2/arora/test/library_screen_test.dart:26:23

When the exception was thrown, this was the stack:
#0      LibraryScreen.build (package:arora/features/library/screens/library_screen.dart:23:44)
#1      _ConsumerState.build (package:flutter_riverpod/src/core/consumer.dart:283:48)
#2      StatefulElement.build (package:flutter/src/widgets/framework.dart:5931:27)
#3      ConsumerStatefulElement.build (package:flutter_riverpod/src/core/consumer.dart:445:20)
#4      ComponentElement.performRebuild (package:flutter/src/widgets/framework.dart:5817:15)
#5      StatefulElement.performRebuild (package:flutter/src/widgets/framework.dart:5982:11)
#6      Element.rebuild (package:flutter/src/widgets/framework.dart:5529:7)
#7      BuildScope._tryRebuild (package:flutter/src/widgets/framework.dart:2750:15)
#8      BuildScope._flushDirtyElements (package:flutter/src/widgets/framework.dart:2807:11)
#9      BuildOwner.buildScope (package:flutter/src/widgets/framework.dart:3111:18)
#10     AutomatedTestWidgetsFlutterBinding.drawFrame (package:flutter_test/src/binding.dart:2131:19)
#11     RendererBinding._handlePersistentFrameCallback (package:flutter/src/rendering/binding.dart:495:5)
#12     SchedulerBinding._invokeFrameCallback (package:flutter/src/scheduler/binding.dart:1430:15)
#13     SchedulerBinding.handleDrawFrame (package:flutter/src/scheduler/binding.dart:1345:9)
#14     AutomatedTestWidgetsFlutterBinding.pump.<anonymous closure> (package:flutter_test/src/binding.dart:1960:9)
#17     TestAsyncUtils.guard (package:flutter_test/src/test_async_utils.dart:74:41)
#18     AutomatedTestWidgetsFlutterBinding.pump (package:flutter_test/src/binding.dart:1949:27)
#19     WidgetTester.pumpAndSettle.<anonymous closure> (package:flutter_test/src/widget_tester.dart:719:23)
#22     TestAsyncUtils.guard (package:flutter_test/src/test_async_utils.dart:74:41)
#23     WidgetTester.pumpAndSettle (package:flutter_test/src/widget_tester.dart:712:27)
#24     main.<anonymous closure> (file:///home/cb/AntiGravity/projekt_2/arora/test/library_screen_test.dart:31:18)
<asynchronous suspension>
#25     testWidgets.<anonymous closure>.<anonymous closure> (package:flutter_test/src/widget_tester.dart:192:15)
<asynchronous suspension>
#26     TestWidgetsFlutterBinding._runTestBody (package:flutter_test/src/binding.dart:1682:5)
<asynchronous suspension>
<asynchronous suspension>
(elided 5 frames from dart:async and package:stack_trace)

════════════════════════════════════════════════════════════════════════════════════════════════════
══╡ EXCEPTION CAUGHT BY FLUTTER TEST FRAMEWORK ╞════════════════════════════════════════════════════
The following TestFailure was thrown running a test:
Expected: exactly one matching candidate
  Actual: _TextWidgetFinder:<Found 0 widgets with text "My Playlist": []>
   Which: means none were found but one was expected

When the exception was thrown, this was the stack:
#4      main.<anonymous closure> (file:///home/cb/AntiGravity/projekt_2/arora/test/library_screen_test.dart:33:5)
<asynchronous suspension>
#5      testWidgets.<anonymous closure>.<anonymous closure> (package:flutter_test/src/widget_tester.dart:192:15)
<asynchronous suspension>
#6      TestWidgetsFlutterBinding._runTestBody (package:flutter_test/src/binding.dart:1682:5)
<asynchronous suspension>
<asynchronous suspension>
(elided one frame from package:stack_trace)

This was caught by the test expectation on the following line:
  file:///home/cb/AntiGravity/projekt_2/arora/test/library_screen_test.dart line 33
The test description was:
  LibraryScreen open playlist bottom sheet
════════════════════════════════════════════════════════════════════════════════════════════════════
══╡ EXCEPTION CAUGHT BY FLUTTER TEST FRAMEWORK ╞════════════════════════════════════════════════════
The following message was thrown:
Multiple exceptions (3) were detected during the running of the current test, and at least one was
unexpected.
════════════════════════════════════════════════════════════════════════════════════════════════════
00:03 +0 -1: LibraryScreen open playlist bottom sheet [E]
  Test failed. See exception logs above.
  The test description was: LibraryScreen open playlist bottom sheet
  
00:03 +0 -1: Some tests failed.
